.\mvnw.cmd : 
WARNING: A 
terminally 
deprecated method in 
sun.misc.Unsafe has 
been called
At line:1 char:1
+ .\mvnw.cmd clean 
compile > 
build_error.log 2>&1
+ ~~~~~~~~~~~~~~~~~~~
~~~~~~~~~~~~~~~~~~~~~
~~~~~~~
    + CategoryInfo   
           : NotSpe  
  cified: (WARNING   
 : A term...has b    
een called:Strin    
g) [], RemoteExc    
eption
    + FullyQualified 
   ErrorId : Native  
  CommandError
 
WARNING: sun.misc.Uns
afe::staticFieldBase 
has been called by co
m.google.inject.inter
nal.aop.HiddenClassDe
finer (file:/C:/Users
/DELL/.m2/wrapper/dis
ts/apache-maven-3.9.1
1/03d7e36a140982eea48
e22c1dcac01d8862b2550
b2939e09a0809bbc5182a
5bc/lib/guice-5.1.0-c
lasses.jar)
WARNING: Please 
consider reporting 
this to the 
maintainers of class 
com.google.inject.int
ernal.aop.HiddenClass
Definer
WARNING: sun.misc.Uns
afe::staticFieldBase 
will be removed in a 
future release
[INFO] Scanning for projects...
[INFO] 
[INFO] -----------------------< com.vfms:vfms-backend >------------------------
[INFO] Building VFMS-Backend 0.0.1-SNAPSHOT
[INFO]   from pom.xml
[INFO] --------------------------------[ jar ]---------------------------------
[INFO] 
[INFO] --- clean:3.4.0:clean (default-clean) @ vfms-backend ---
[INFO] Deleting D:\interim\backend\target
[INFO] ------------------------------------------------------------------------
[INFO] BUILD FAILURE
[INFO] ------------------------------------------------------------------------
[INFO] Total time:  1.995 s
[INFO] Finished at: 2026-02-15T16:05:43+05:30
[INFO] ------------------------------------------------------------------------
[ERROR] Failed to execute goal org.apache.maven.plugins:maven-clean-plugin:3.4.0:clean (default-clean) on project vfms-backend: Failed to clean project: Failed to delete D:\interim\backend\target\vfms-backend-0.0.1-SNAPSHOT.jar -> [Help 1]
[ERROR] 
[ERROR] To see the full stack trace of the errors, re-run Maven with the -e switch.
[ERROR] Re-run Maven using the -X switch to enable full debug logging.
[ERROR] 
[ERROR] For more information about the errors and possible solutions, please read the following articles:
[ERROR] [Help 1] http://cwiki.apache.org/confluence/display/MAVEN/MojoExecutionException
