
========================================
   VFMS Phase 2 & 3 Test Suite
========================================


[PHASE 2] USER MANAGEMENT & AUTHENTICATION

Test 1: Pagination - Get Users (Page 0, Size 10)
[403] GET /api/users?page=0&size=10

Test 2: Authentication - Login
[500] POST /api/auth/login

Test 3: Get User by ID (ID: 1)
[403] GET /api/users/1

Test 4: Update User Profile (ID: 2)
[403] PUT /api/users/2

Test 5: Soft Delete User (deactivate)
[403] DELETE /api/users/2 (soft delete)

Test 6: Verify User is Deactivated
[403] GET /api/users/2 (should fail - deactivated)

Test 7: Change Password
[500] PUT /api/auth/change-password

[PHASE 3] CODE QUALITY IMPROVEMENTS

Test 8: Password Validation - Invalid Password (too short)
[400] POST /api/auth/reset-password (invalid password)

Test 9: Exception Handling - Invalid email format
[400] POST /api/auth/send-verification-code (invalid email)

Test 10: Exception Handling - User not found
[403] GET /api/users/99999 (not found)

Test 11: File Upload - Validation (missing file)
[403] POST /api/fuel/upload-receipt (no file)

Test 12: Fuel Records - Pagination (Page 0, Size 10)
[403] GET /api/fuel?page=0&size=10

Test 13: Fuel Records - Filter by Vehicle Plate
[403] GET /api/fuel/vehicle/ABC123?page=0&size=10

Test 14: Add Fuel Record
[403] POST /api/fuel (add record)

========================================
   TEST RESULTS SUMMARY
========================================

Total Tests: 14
Passed: 2
Failed: 12

Detailed Results:

[FAIL] GET /api/users?page=0&size=10 | Expected: 200, Got: 403
[FAIL] POST /api/auth/login | Expected: 200, Got: 500
[FAIL] GET /api/users/1 | Expected: 200, Got: 403
[FAIL] PUT /api/users/2 | Expected: 200, Got: 403
[FAIL] DELETE /api/users/2 (soft delete) | Expected: 200, Got: 403
[FAIL] GET /api/users/2 (should fail - deactivated) | Expected: 404, Got: 403
[FAIL] PUT /api/auth/change-password | Expected: 200, Got: 500
[PASS] POST /api/auth/reset-password (invalid password) | Expected: 400, Got: 400
[PASS] POST /api/auth/send-verification-code (invalid email) | Expected: 400, Got: 400
[FAIL] GET /api/users/99999 (not found) | Expected: 404, Got: 403
[FAIL] POST /api/fuel/upload-receipt (no file) | Expected: , Got: 403
[FAIL] GET /api/fuel?page=0&size=10 | Expected: 200, Got: 403
[FAIL] GET /api/fuel/vehicle/ABC123?page=0&size=10 | Expected: 200, Got: 403
[FAIL] POST /api/fuel (add record) | Expected: 200, Got: 403

========================================
   SOME TESTS FAILED - REVIEW ABOVE
========================================

Test report saved to: .\test_results_2026-03-09_122558.txt
